pip
urllib3
botocore
six
python-dateutil
s3transfer
pyyaml
docutils
pyasn1
requests
setuptools
jmespath
certifi
awscli
rsa
futures
idna
colorama
wheel
chardet
simplejson
boto3
pytz
numpy 1.16.2
cffi
markupsafe
cryptography
awscli-cwlogs
jinja2
pycparser
pbr
enum34
protobuf
asn1crypto
ipaddress
click
pytest
attrs
future
decorator
pyparsing
pandas
pytest-runner
pyasn1-modules
werkzeug
psutil
virtualenv
flask
boto
py
itsdangerous
google-api-core
coverage
argparse
setuptools-scm
pluggy
mock
scipy
grpcio
pyopenssl
google-cloud-core
pygments
jsonschema
psycopg2
scikit-learn
more-itertools
cachetools
pillow
lxml
docopt
google-auth
funcsigs
websocket-client
httplib2
oauth2client
google-api-python-client
mccabe
paramiko
tornado
ptyprocess
pyjwt
pexpect
sqlalchemy
matplotlib
uritemplate
wrapt
bcrypt
pycodestyle
markdown
google-resumable-media
oauthlib
elasticsearch
docker
ipython
docker-pycreds
prompt-toolkit
atomicwrites
multidict
pymysql
redis
pynacl
requests-oauthlib
google-cloud-bigquery
absl-py
aiohttp
sklearn
pymemcache
pyflakes
beautifulsoup4
packaging
google-cloud-storage
wcwidth
nose
configparser
backports-functools-lru-cache
greenlet
functools32
gevent
ujson
googleapis-common-protos
django
gunicorn
typing
babel
lazy-object-proxy
ipython-genutils
cython
traitlets
toolz
flake8
pathlib2
tqdm
selenium
google-auth-httplib2
termcolor
kiwisolver
html5lib
async-timeout
bleach
pickleshare
tzlocal
opencv-python
scandir
pylint
retrying
pymongo
isort
singledispatch
networkx
cycler
scikit-image
tensorflow
requests-toolbelt
astroid
dask
tabulate
zope-interface
h5py
trueskill
pykube
cached-property
webencodings
lockfile
tensorboard
datadog
websockets
gitpython
apache-beam
pyzmq
defusedxml
backports-ssl-match-hostname
subprocess32
twisted
simplegeneric
gitdb2
docker-compose
smmap2
astor
raven
pytest-cov
incremental
gast
elasticsearch-dsl
azure-common
arrow
discord-py
amqp
hdfs
kombu
pycrypto
isodate
jupyter-core
entrypoints
ordereddict
nbformat
vcversioner
xmltodict
unidecode
alabaster
appdirs
celery
contextlib2
pypng
snowballstemmer
psycopg2-binary
billiard
dill
mako
monotonic
texttable
hiredis
sphinx
azure-nspkg
keras-preprocessing
keras-applications
jedi
parso
prettytable
backports-abc
typed-ast
jsonpickle
xlrd
keras
dockerpty
pywavelets
ansible
backports-weakref
imagesize
msgpack
regex
sphinxcontrib-websupport
croniter
ply
sortedcontainers
vine
linecache2
netaddr
traceback2
unicodecsv
pycryptodome
unittest2
pyserial
google-cloud-firestore
statsd
py4j
mistune
nltk
djangorestframework
pypandoc
prometheus-client
ipykernel
jupyter-client
google-cloud-logging
python-daemon
thrift
alembic
ecdsa
dnspython
toml
openpyxl
notebook
tox
ruamel-yaml
backports-shutil-get-terminal-size
backcall
ndg-httpsclient
iso8601
adal
terminado
python-editor
nbconvert
jdcal
testpath
xlsxwriter
ipywidgets
send2trash
widgetsnbextension
pycryptodomex
bz2file
google-cloud-datastore
pandocfilters
yarl
sqlparse
smart-open
mysqlclient
et-xmlfile
stevedore
gapic-google-cloud-logging-v2
shapely
azure-storage-common
python-magic
pyhamcrest
msrest
aniso8601
qtconsole
pycurl
plotly
altgraph
msgpack-python
proto-google-cloud-logging-v2
python-pam
keyring
macholib
whichcraft
binaryornot
netifaces
flask-cors
poyo
inflection
nvidia-ml-py3
cookiecutter
jinja2-time
configobj
azure-storage-blob
google-cloud-pubsub
statsmodels
msrestazure
pep8
pyhocon
faker
uvloop
jupyter-console
manhole
google-auth-oauthlib
uwsgi
jupyter
virtualenv-clone
ptvsd
google-gax
pystache
xgboost
webob
ua-parser
ijson
pydevd
patsy
grpc-google-iam-v1
flask-sqlalchemy
python-jose
pysocks
cssselect
constantly
marshmallow
ccxt
s3fs
argcomplete
automat
azure-storage
theano
capstone
bs4
filelock
pager
hyperlink
wtforms
parsedatetime
text-unidecode
cookiejar
pipenv
fuzzywuzzy
humanfriendly
oauth
apipkg
blinker
autopep8
seaborn
snowflake-connector-python
cheetah
newrelic
applicationinsights
seqlogo
flask-wtf
execnet
configargparse
django-extensions
grpcio-tools
pathspec
cherrypy
mysql-python
supervisor
slackclient
azure-mgmt-resource
cloudpickle
service-identity
fasteners
joblib
azure-storage-nspkg
django-filter
azure-mgmt-storage
gspread
pika
soupsieve
google-cloud-bigtable
package
azure-mgmt-nspkg
pydot
meld3
django-cors-headers
pytest-xdist
codecov
secretstorage
gym
freezegun
cheroot
tenacity
google-cloud-vision
sphinx-rtd-theme
responses
graphviz
pyrfc3339
watchdog
tempora
geopy
python-mimeparse
portend
docker-py
flask-restful
kazoo
passlib
django-storages
reportlab
pyarrow
bottle
pytest-mock
maxminddb
kubernetes
zope-event
gensim
google-cloud-monitoring
argh
zope-component
voluptuous
factory-boy
jaraco-functools
azure-mgmt-containerregistry
pathlib
user-agents
s3cmd
azure-mgmt-authorization
azure-mgmt-compute
azure-mgmt-network
django-debug-toolbar
tldextract
azure-datalake-store
olefile
python-levenshtein
pyspark
azure-mgmt-keyvault
gapic-google-cloud-datastore-v1
zc-lockfile
backoff
munch
cookies
josepy
google-cloud-spanner
deepdiff
acme
pyaml
repoze-lru
google-cloud
pytest-forked
python-slugify
geoip2
requests-file
python-augeas
certbot
fabric
avro
google-cloud-language
pathtools
anyjson
waitress
xlwt
jws
requests-mock
google-cloud-translate
flask-login
requests-aws4auth
cassandra-driver
jsonpointer
google-cloud-speech
certbot-apache
python-dotenv
letsencrypt
python-jwt
python-memcached
google-apitools
dicttoxml
tensorflow-tensorboard
google-cloud-error-reporting
pyodbc
feedparser
oslo-utils
oslo-i18n
pyperclip
google-cloud-resource-manager
mypy
pendulum
google-cloud-dns
pytest-timeout
certbot-nginx
pip-tools
google-cloud-runtimeconfig
django-environ
pkginfo
debtcollector
geographiclib
fastavro
semver
oslo-config
google-cloud-videointelligence
jira
azure-graphrbac
cytoolz
ipdb
python-json-logger
azure-mgmt-rdbms
paho-mqtt
pysftp
azure-mgmt-dns
w3lib
semantic-version
scp
retry
coreapi
azure-keyvault
pytzdata
pycountry
dogpile-cache
zeep
jpype1
pyhive
moto
kafka-python
pytest-django
eventlet
phonenumbers
rfc3986
oslo-serialization
coreschema
webtest
itypes
colorlog
suds-jurko
jsonpatch
coloredlogs
parse
azure-mgmt-containerinstance
idna-ssl
enum
graphql-core
frida
jsondiff
qds-sdk
pymssql
sh
hypothesis
cmd2
dictdiffer
zope-deprecation
blessings
humanize
influxdb
testtools
bokeh
setproctitle
youtube-dl
azure-mgmt-containerservice
gapic-google-cloud-error-reporting-v1beta1
numexpr
libtmux
stripe
keystoneauth1
spacy
proto-google-cloud-error-reporting-v1beta1
thinc
pypdf2
sasl
python-gflags
azure-cli-core
extras
coveralls
preshed
murmurhash
tensorflow-gpu
django-redis
parsel
cymem
cliff
azure-mgmt-batch
python-jenkins
python-geohash
aws-xray-sdk
fixtures
google-cloud-trace
pydocstyle
requests-futures
azure-batch
asyncpg
proto-google-cloud-datastore-v1
msgpack-numpy
azure-mgmt-batchai
flask-migrate
azure-mgmt-reservations
azure-mgmt-msi
haversine
pyrsistent
wandb
twilio
tensorflow-metadata
django-appconf
knack
azure-mgmt-datalake-store
flask-restplus
scrapy
queuelib
pyxdg
setuptools-git
azure-mgmt-loganalytics
azure-mgmt-datalake-nspkg
flask-script
datetime
paste
plac
python-consul
azure-mgmt-web
dateparser
google-cloud-container
azure-mgmt-sql
pycountry-convert
simple-salesforce
azure-mgmt-cdn
pydispatcher
mysql-connector-python
pypiwin32
yamllint
google-cloud-bigquery-datatransfer
ruamel-ordereddict
strict-rfc3339
portalocker
invoke
azure-mgmt-redis
distro
whitenoise
pulp
crcmod
cx-oracle
pympler
azure-mgmt-monitor
torch
pkgconfig
robotframework
multi-key-dict
azure-servicebus
azure-cli-nspkg
slacker
sqlalchemy-utils
azure-mgmt-cognitiveservices
dj-database-url
pyathenajdbc
azure-mgmt-trafficmanager
python-keystoneclient
graypy
pywin32
html2text
mmh3
ldap3
backports-tempfile
flower
pystan
zmq
python-ldap
schedule
thrift-sasl
pandas-gbq
sendgrid
pyproj
beautifulsoup
openstacksdk
mypy-extensions
python-subunit
azure-mgmt-cosmosdb
pdfminer
promise
azure-cli-profile
parse-type
yapf
gdata
deprecation
azure-mgmt-datalake-analytics
hvac
google-compute-engine
azure-mgmt-iothub
azure-mgmt-devtestlabs
llvmlite
swagger-spec-validator
os-service-types
pytest-html
pygithub
pyvmomi
apscheduler
pastedeploy
azure-cli-command-modules-nspkg
easyprocess
nose-exclude
credstash
redis-py-cluster
sentry-sdk
terminaltables
fiona
pyinotify
python3-openid
baselines
mxnet
httpretty
sshtunnel
mpmath
openapi-codec
azure-mgmt-iothubprovisioningservices
suds
pip-lock
backports-csv
azure-servicemanagement-legacy
azure-mgmt-servicefabric
numba
azure-cli-telemetry
twine
cligj
python-docx
azure-mgmt
pydocumentdb
azure-cli-resource
azure-cli-acs
azure-cli-vm
s2sphere
azure-cli-network
azure
azure-cli-storage
findspark
azure-mgmt-eventhub
cachecontrol
flake8-polyfill
azure-cli-acr
azure-cli-sql
azure-mgmt-marketplaceordering
tblib
unittest-xml-reporting
brotlipy
googleads
azure-cli-interactive
behave
python-novaclient
azure-cli-iot
filechunkio
azure-mgmt-eventgrid
azure-cli-batch
cssutils
azure-mgmt-recoveryservices
appnope
azure-mgmt-consumption
azure-mgmt-recoveryservicesbackup
azure-mgmt-advisor
azure-mgmt-billing
gcloud
django-model-utils
requestsexceptions
mysql-connector
azure-mgmt-servicebus
imageio
click-plugins
sympy
python-nmap
pattern
cairocffi
opentracing
pysqlite
databricks-cli
azure-mgmt-media
protobuf3-to-dict
os-client-config
testfixtures
pefile
flask-admin
django-rest-swagger
pytest-instafail
azure-cli-appservice
azure-cli-role
expiringdict
python-http-client
simpleflock
bandit
azure-cli-keyvault
azure-cli-container
cairosvg
multiprocess
azure-cli-monitor
azure-mgmt-scheduler
azure-cli-extension
azure-cli-rdbms
azure-mgmt-logic
hashids
azure-cli-dls
azure-mgmt-search
azure-cli-dla
qrcode
azure-cli-lab
python-swiftclient
azure-cli-batchai
translationstring
osc-lib
torchvision
statistics
mozlog
azure-cli-servicefabric
azure-cli-cosmosdb
azure-cli-cognitiveservices
progressbar2
inflect
azure-cli-cdn
uuid
pyvirtualdisplay
python-utils
azure-cli-reservations
oslo-log
geojson
jsonpath-rw
jsonfield
ec2-metadata
structlog
nodeenv
glob2
tensorflow-transform
azure-mgmt-managementgroups
blessed
cerberus
cement
importlib
lightgbm
collections-extended
azure-mgmt-datamigration
azure-mgmt-relay
watchtower
python-glanceclient
confluent-kafka
djangorestframework-jwt
python-logstash
flake8-import-order
typing-extensions
oslo-context
google-cloud-dataflow
junit-xml
pytest-metadata
azure-cosmosdb-table
rx
win-inet-pton
azure-cli-configure
jeepney
coala
pg8000
azure-cli-cloud
autobahn
analytics-python
azure-multiapi-storage
pynamodb
pygame
django-nose
azure-cli-redis
ast
whoosh
azure-cli-feedback
vsts-cd-manager
path-py
odfpy
mongoengine
azure-cli-backup
pygobject
azure-cli-consumption
azure-cli-find
urwid
slackweb
azure-cli-eventgrid
black
python-cinderclient
azure-cli-billing
django-crispy-forms
tablib
parameterized
tf-nightly
azure-cli-advisor
tinycss2
brunel
awsebcli
cchardet
azure-cosmosdb-nspkg
cvxopt
commonmark
pythonwhois
azure-mgmt-notificationhubs
rq
antlr4-python3-runtime
pygsheets
luigi
validate-email
rfc3987
dulwich
ddt
initools
shortuuid
rjsmin
wordsegment
bitarray
azure-storage-queue
pylru
elasticsearch-curator
pyphen
flexget
flask-httpauth
azure-servicefabric
python-openid
fakeredis
azure-mgmt-iotcentral
pycairo
django-compressor
azure-mgmt-policyinsights
pylint-plugin-utils
azure-mgmt-maps
azure-mgmt-signalr
tempita
googlemaps
mleap
javaobj-py3
warlock
requests-ntlm
zc-buildout
pre-commit
flask-cache
rasterio
pyjks
distribute
twofish
lz4
mrjob
readme-renderer
python-openstackclient
cfn-flip
python-gnupg
livereload
txaio
azure-eventgrid
recommonmark
ciso8601
troposphere
azure-storage-file
sqlalchemy-migrate
nose-timer
pep8-naming
connexion
plumbum
falcon
ddtrace
clickclick
flake8-docstrings
pyvcf
cssselect2
virtualenvwrapper
logging
mozinfo
comtypes
oslo-concurrency
ntlm-auth
azure-mgmt-applicationinsights
mozrunner
querystring-parser
pyqt5
pytimeparse
mozfile
gapic-google-cloud-pubsub-v1
flaky
diff-match-patch
webapp2
proto-google-cloud-pubsub-v1
django-ipware
identify
timeout-decorator
pyinstaller
mpi4py
graphene
social-auth-core
ipaddr
oauth2
googledatastore
setupmeta
defer
aspy-yaml
weasyprint
spark-sklearn
argon2-cffi
mozterm
azure-mgmt-datafactory
